// Jest Snapshot v1, https://goo.gl/fbAQLP

exports[`Game render Game correctly 1`] = `
<View
  pointerEvents="box-none"
  style={
    Object {
      "flex": 1,
    }
  }
>
  <View
    collapsable={true}
    pointerEvents="box-none"
    style={
      Object {
        "flex": 1,
      }
    }
  >
    <View
      style={
        Object {
          "alignItems": "center",
          "flex": 1,
          "justifyContent": "center",
        }
      }
    >
      <TouchableWithoutFeedback
        testID="endGameBtn"
      >
        <Text>
          End Game
        </Text>
      </TouchableWithoutFeedback>
      <View
        testID="question"
      >
        <Text />
      </View>
    </View>
  </View>
</View>
`;
